
> website-achtrex@0.1.0 build
> next build

   Ôû▓ Next.js 16.0.7 (Turbopack)
   - Environments: .env.local

   Creating an optimized production build ...
 Ô£ô Compiled successfully in 44s
   Running TypeScript ...
